2026-10-03 14:44:55.312 xcodebuild[4118:15879] [MT] IDEDistribution: -[IDEDistributionLogging _createLoggingBundleAtPath:]: Created bundle at path "/var/folders/nj/vtw8zd2j31d1gdrtntc5y4600000gn/T/VoiceReader_2026-10-03_14-44-55.311.xcdistributionlogs".
2026-10-03 14:45:15.486 xcodebuild[4118:15879] Starting upload
2026-10-03 14:45:15.907 xcodebuild[4118:16022] Progress 0%: Making copy of ‘VoiceReader.ipa’…
2026-10-03 14:45:15.908 xcodebuild[4118:16022] Progress 0%: Making copy of ‘VoiceReader.ipa’…
2026-10-03 14:45:15.910 xcodebuild[4118:16022] Progress 0%: Preparing to upload ‘VoiceReader.ipa’…
2026-10-03 14:45:15.924 xcodebuild[4118:16022] Progress 0%: Analyzing package…
2026-10-03 14:45:23.186 xcodebuild[4118:16019] Progress 0%: Sending analysis to App Store Connect…
2026-10-03 14:45:23.837 xcodebuild[4118:16019] Progress 0%: Waiting for App Store Connect analysis response…
2026-10-03 14:45:31.037 xcodebuild[4118:16019] Progress 0%: Sending SPI analysis to App Store Connect…
2026-10-03 14:45:31.569 xcodebuild[4118:16019] Progress 0%: Waiting for App Store Connect SPI analysis response…
2026-10-03 14:45:42.461 xcodebuild[4118:16019] Progress 0%: Requesting upload instructions from App Store Connect…
2026-10-03 14:45:42.884 xcodebuild[4118:16019] Progress 0%: Preparing file for upload to App Store Connect…
2026-10-03 14:45:42.889 xcodebuild[4118:16019] Progress 0%: Preparing file for upload to App Store Connect…
2026-10-03 14:45:42.889 xcodebuild[4118:16019] Progress 0%: Uploading to App Store Connect…
2026-10-03 14:45:42.903 xcodebuild[4118:16019] Progress 100%: Uploading to App Store Connect…
2026-10-03 14:45:42.904 xcodebuild[4118:16019] Progress 100%: Uploading to App Store Connect…
2026-10-03 14:45:43.300 xcodebuild[4118:16019] Progress 100%: Completing upload…
2026-10-03 14:45:44.856 xcodebuild[4118:16019] Progress 100%: Waiting for package to begin processing…
2026-10-03 14:45:45.084 xcodebuild[4118:16019] Progress 100%: Uploaded package is processing.
2026-10-03 14:45:45.092 xcodebuild[4118:16019] Progress 100%: Upload succeeded.
warning: exportArchive Upload Symbols Failed. The archive did not include a dSYM for the YbridOgg.framework with the UUIDs [34154158-48A6-3004-9FFC-59C622EBD78B, 9736FA44-AA59-316F-8EC6-A26EE8A2A0AC]. Ensure that the archive's dSYM folder includes a DWARF file for YbridOgg.framework with the expected UUIDs.

warning: exportArchive Upload Symbols Failed. The archive did not include a dSYM for the YbridOpus.framework with the UUIDs [72789592-8227-3954-95C6-DA3CCFDB7F87, 5E99C5C0-423D-383D-A7E3-58E98C1B51E0]. Ensure that the archive's dSYM folder includes a DWARF file for YbridOpus.framework with the expected UUIDs.

Uploaded VoiceReader
** EXPORT SUCCEEDED **

